// Vitest Snapshot v1, https://vitest.dev/guide/snapshot.html

exports[`tool descriptions — snapshot > all descriptions match their committed snapshots 1`] = `
{
  "folder_create": "Create a new folder in OmniFocus. Optionally nest it inside an existing parent folder (get IDs from folder_list). Do not use to move an existing folder; prefer folder_move instead. Returns the new folder's persistent ID. Triggers a sync; call sync_trigger after to propagate to other devices.",
  "folder_delete": "Delete a folder from OmniFocus. By default returns ValidationError when the folder contains projects or subfolders. Pass cascade=true to orphan all direct projects (move to no folder) and recursively delete subfolders before deleting. IRREVERSIBLE — do not use to archive; prefer folder_update to rename instead. Get the folder ID from folder_list. Triggers a sync; call sync_trigger after to propagate to other devices.",
  "folder_get": "Fetch a single folder by its persistent ID, including project and subfolder counts. Do not use to list multiple folders; prefer folder_list instead. Returns folder details including name, parentId, projectCount, and subfolderCount. Safe to call repeatedly; no side effects.",
  "folder_list": "List folders in OmniFocus, optionally filtered by parent folder. Do not use to fetch a single folder by ID; prefer folder_get instead. Returns a flat array with projectCount and subfolderCount per folder. Use parentId to walk the hierarchy one level at a time. Safe to call repeatedly; no side effects.",
  "folder_move": "Move a folder to a new parent, or promote it to a root folder by passing parentId=null. Do not use to rename a folder; prefer folder_update instead. Get folder IDs from folder_list. Returns the updated folder's ID and new parentId on success. Triggers a sync; call sync_trigger after to propagate to other devices.",
  "folder_update": "Rename a folder (partial patch — only supplied fields are changed). To move a folder use folder_move instead. Get the folder ID from folder_list. Returns the updated folder on success. Triggers a sync; call sync_trigger after to propagate to other devices.",
  "note_append": "Append text to the plain-text note on a task or project. Adds a newline between existing content and the new text unless the note is empty. Do not use to replace the note entirely; prefer note_set instead. Returns { note } with the full note content after appending. Side effects: writes to OmniFocus, sets meta.syncPending = true. Call sync_trigger when you need the change to appear on other devices.",
  "note_get": "Read the plain-text note from a task or project. Do not use when formatting fidelity matters; prefer note_get_html instead. Returns { note } — a string (may be empty) or null when no note exists. Set targetKind to 'task' and provide a task ID, or 'project' and a project ID. Safe to call repeatedly; no side effects.",
  "note_get_html": "Read the HTML fragment from a task or project note. Returns { noteHtml } — an HTML string (may be empty) or null when no note exists. Set targetKind to 'task' and provide a task ID, or 'project' and a project ID. For plain-text access without formatting, use note_get instead. Safe to call repeatedly; no side effects.",
  "note_set": "Replace the plain-text note on a task or project. Overwrites the existing note entirely. Pass note: null to clear the note. To add text without overwriting use note_append instead. Returns { note } with the final note content after writing. Side effects: writes to OmniFocus, sets meta.syncPending = true. Call sync_trigger when you need the change to appear on other devices.",
  "note_set_html": "Replace the HTML fragment note on a task or project. Overwrites the existing note entirely with the provided HTML. OmniFocus preserves its supported HTML subset (bold, italic, links, lists, inline images); unsupported elements may be stripped. Pass noteHtml: null to clear the note. For plain-text writes use note_set instead. Returns { noteHtml } with the final HTML content after writing. Side effects: writes to OmniFocus, sets meta.syncPending = true. Call sync_trigger when you need the change to appear on other devices.",
  "project_delete": "Permanently delete an OmniFocus project and ALL its contained tasks. IRREVERSIBLE — uses OmniFocus deleteObject; there is no undo. All tasks inside the project are also permanently deleted (cascade). Prefer project_drop when you want a recoverable status change. Only use project_delete when the agent has explicit user intent to permanently remove the project and its tasks. Returns { deleted: true, id } on success. Side effects: removes the project and its tasks from OmniFocus, sets meta.syncPending = true. Call sync_trigger when you need the deletion to appear on other devices.",
  "search_query": "Full-text search across OmniFocus task names and/or notes. Use for finding tasks by content when you don't know the ID. Supports optional filters (project, tags, flagged, completion status) and cursor pagination. Do NOT use when a known task ID is available (use task_get instead). Returns tasks[] with pagination; safe to call repeatedly; no side effects.",
  "sync_status": "Return the last OmniFocus sync state without triggering a new sync. Do NOT call this to initiate a sync — use sync_trigger instead. Use to check whether a previous sync completed before querying cross-device data. Returns { lastSyncAt, inFlight }. lastSyncAt is null if OmniFocus has never synced in this session. Read-only; no side effects.",
  "sync_trigger": "Kick off an OmniFocus sync with Omni Sync Server. Do not call when no mutations have been made; prefer checking meta.syncPending first. Call this after any sequence of mutations (task_create, task_update, folder_create, etc.) when you need changes to appear on other devices. The sync starts immediately but completes asynchronously — this tool does not block until done. Returns meta.syncPending = false to confirm the sync was initiated. Side effects: triggers a sync request to Omni Sync Server.",
  "tag_create": "Create a new tag in OmniFocus. Optionally nest it under an existing parent tag (get IDs from tag_list). Do not use to move an existing tag; prefer tag_move instead. Returns the new tag's persistent ID. Triggers a sync; call sync_trigger after to propagate to other devices.",
  "tag_delete": "Hard-delete a tag from OmniFocus. IRREVERSIBLE — the tag and all its children are removed. Tasks that carried this tag lose it. Get the tag ID from tag_list. Prefer tag_set_status with status='dropped' to preserve history. Returns the deleted tag's ID on success. Side effects: writes to OmniFocus, sets meta.syncPending = true.",
  "tag_get": "Fetch a single tag by its persistent ID, including task count. Do not use to list multiple tags; prefer tag_list instead. Returns tag details; no side effects.",
  "tag_get_location": "Get the geographic location trigger currently set on a tag, or null if none. Do not use to set or clear a location; prefer tag_set_location instead. Location-based tags are an OmniFocus Pro feature. Get the tag ID from tag_list. Returns { location } with name, radius, and trigger direction, or null if unset. Safe to call repeatedly; no side effects.",
  "tag_list": "List all tags in OmniFocus, optionally filtered by parent tag or status. Do not use to fetch a single tag by ID; prefer tag_get instead. Returns a flat array — use parentId to walk the hierarchy one level at a time. Safe to call repeatedly; no side effects.",
  "tag_move": "Move a tag to a new parent, or promote it to a root tag by passing parentId=null. Do not use to rename a tag; prefer tag_update instead. Get tag IDs from tag_list. Returns the updated tag's ID and new parentId on success. Triggers a sync; call sync_trigger after to propagate to other devices.",
  "tag_set_allows_next_action": "Enable or disable next-action selection for a tag in OmniFocus. When true, tasks with this tag are eligible for next-action promotion. Do not use to change other tag properties; prefer tag_update instead. Get the tag ID from tag_list. Returns the updated tag with allowsNextAction confirmed. Triggers a sync; call sync_trigger after to propagate to other devices.",
  "tag_set_location": "Set a geographic location trigger on a tag (OmniFocus Pro only). The trigger fires when arriving at, leaving, or both for the specified radius. Do not use to read the current location; prefer tag_get_location instead. Get the tag ID from tag_list. Returns FeatureRequiresPro on OmniFocus Standard installs. Triggers a sync; call sync_trigger after to propagate to other devices.",
  "tag_set_status": "Set the lifecycle status of a tag to active, on-hold, or dropped. Dropped tags are hidden in OmniFocus but not deleted. Do not use to permanently remove a tag; prefer tag_delete instead. Get the tag ID from tag_list. Returns the updated tag with the confirmed status. Triggers a sync; call sync_trigger after to propagate to other devices.",
  "tag_update": "Update mutable fields on an existing tag (partial patch). Only supplied fields are changed; omit a field to leave it unchanged. Do not use to move a tag to a different parent; prefer tag_move instead. Get the tag ID from tag_list. Returns the updated tag on success. Triggers a sync; call sync_trigger after to propagate to other devices.",
  "task_clear_repetition": "Remove the repetition rule from an OmniFocus task. After clearing, the task becomes a one-time item. Use task_set_repetition to set or change a rule. Returns the updated task with repetitionRule confirmed as null. Mutations do not sync automatically — call sync_trigger if cross-device visibility matters.",
  "task_delete": "Permanently delete an OmniFocus task. IRREVERSIBLE — uses OmniFocus deleteObject; there is no undo. Prefer task_drop when you want a recoverable status change. Only use task_delete when the agent has explicit user intent to permanently remove the task. Returns { deleted: true, id } on success. Side effects: removes the task from OmniFocus, sets meta.syncPending = true. Call sync_trigger when you need the deletion to appear on other devices.",
  "task_find_by_name": "Find tasks in OmniFocus by name. Returns ALL matching tasks (names are not unique in OmniFocus). Names collide in OmniFocus; prefer task_get with an ID when you have one. Zero matches returns an empty array — not an error. Returns tasks[]; safe to call repeatedly; no side effects.",
  "task_get": "Fetch a single OmniFocus task by persistent ID. Use when you have a known task ID and need its full detail. Do NOT use for multiple IDs — use task_get_many instead. Returns the Task object plus its direct subtasks (when includeSubtasks=true, the default). Read-only; safe to retry.",
  "task_get_many": "Fetch up to 100 tasks by persistent ID in a single OmniFocus round-trip. Use when you have a set of task IDs from multiple sources and need full task objects for all of them. Do NOT use for a single ID — use task_get instead. Do NOT use when you only have names — use task_find_by_name. Returns Task[] in input order. Missing IDs are omitted and appear in meta.warnings. Read-only; safe to retry.",
  "task_list": "List tasks in OmniFocus with optional filters. Use this for queries across tasks. Do NOT use for a known single task (use \`task_get\`). Returns tasks[] with pagination; safe to call repeatedly; no side effects.",
  "task_set_repetition": "Set the repetition rule on an OmniFocus task. Overwrites any existing rule. Use task_clear_repetition to remove a rule entirely. Returns the updated task ID; call task_get for the full object. Mutations do not sync automatically — call sync_trigger if cross-device visibility matters.",
  "task_update": "Partially update mutable fields on an OmniFocus task. Only supplied fields are changed; omit a field to leave it unchanged. Do not use to complete or delete a task; prefer task_complete or task_delete instead. Two tag-update modes: (1) supply tagIds to replace the full tag set; (2) supply addTags and/or removeTags to apply a diff without reading first. Supplying tagIds together with addTags/removeTags is a ValidationError. setFlagged is a convenience alias for flagged. Returns the updated task. Side effects: writes to OmniFocus, sets meta.syncPending = true. Call sync_trigger when you need changes to appear on other devices.",
}
`;

exports[`tool descriptions — snapshot > folder_create description matches snapshot 1`] = `"Create a new folder in OmniFocus. Optionally nest it inside an existing parent folder (get IDs from folder_list). Do not use to move an existing folder; prefer folder_move instead. Returns the new folder's persistent ID. Triggers a sync; call sync_trigger after to propagate to other devices."`;

exports[`tool descriptions — snapshot > folder_delete description matches snapshot 1`] = `"Delete a folder from OmniFocus. By default returns ValidationError when the folder contains projects or subfolders. Pass cascade=true to orphan all direct projects (move to no folder) and recursively delete subfolders before deleting. IRREVERSIBLE — do not use to archive; prefer folder_update to rename instead. Get the folder ID from folder_list. Triggers a sync; call sync_trigger after to propagate to other devices."`;

exports[`tool descriptions — snapshot > folder_get description matches snapshot 1`] = `"Fetch a single folder by its persistent ID, including project and subfolder counts. Do not use to list multiple folders; prefer folder_list instead. Returns folder details including name, parentId, projectCount, and subfolderCount. Safe to call repeatedly; no side effects."`;

exports[`tool descriptions — snapshot > folder_list description matches snapshot 1`] = `"List folders in OmniFocus, optionally filtered by parent folder. Do not use to fetch a single folder by ID; prefer folder_get instead. Returns a flat array with projectCount and subfolderCount per folder. Use parentId to walk the hierarchy one level at a time. Safe to call repeatedly; no side effects."`;

exports[`tool descriptions — snapshot > folder_move description matches snapshot 1`] = `"Move a folder to a new parent, or promote it to a root folder by passing parentId=null. Do not use to rename a folder; prefer folder_update instead. Get folder IDs from folder_list. Returns the updated folder's ID and new parentId on success. Triggers a sync; call sync_trigger after to propagate to other devices."`;

exports[`tool descriptions — snapshot > folder_update description matches snapshot 1`] = `"Rename a folder (partial patch — only supplied fields are changed). To move a folder use folder_move instead. Get the folder ID from folder_list. Returns the updated folder on success. Triggers a sync; call sync_trigger after to propagate to other devices."`;

exports[`tool descriptions — snapshot > note_append description matches snapshot 1`] = `"Append text to the plain-text note on a task or project. Adds a newline between existing content and the new text unless the note is empty. Do not use to replace the note entirely; prefer note_set instead. Returns { note } with the full note content after appending. Side effects: writes to OmniFocus, sets meta.syncPending = true. Call sync_trigger when you need the change to appear on other devices."`;

exports[`tool descriptions — snapshot > note_get description matches snapshot 1`] = `"Read the plain-text note from a task or project. Do not use when formatting fidelity matters; prefer note_get_html instead. Returns { note } — a string (may be empty) or null when no note exists. Set targetKind to 'task' and provide a task ID, or 'project' and a project ID. Safe to call repeatedly; no side effects."`;

exports[`tool descriptions — snapshot > note_get_html description matches snapshot 1`] = `"Read the HTML fragment from a task or project note. Returns { noteHtml } — an HTML string (may be empty) or null when no note exists. Set targetKind to 'task' and provide a task ID, or 'project' and a project ID. For plain-text access without formatting, use note_get instead. Safe to call repeatedly; no side effects."`;

exports[`tool descriptions — snapshot > note_set description matches snapshot 1`] = `"Replace the plain-text note on a task or project. Overwrites the existing note entirely. Pass note: null to clear the note. To add text without overwriting use note_append instead. Returns { note } with the final note content after writing. Side effects: writes to OmniFocus, sets meta.syncPending = true. Call sync_trigger when you need the change to appear on other devices."`;

exports[`tool descriptions — snapshot > note_set_html description matches snapshot 1`] = `"Replace the HTML fragment note on a task or project. Overwrites the existing note entirely with the provided HTML. OmniFocus preserves its supported HTML subset (bold, italic, links, lists, inline images); unsupported elements may be stripped. Pass noteHtml: null to clear the note. For plain-text writes use note_set instead. Returns { noteHtml } with the final HTML content after writing. Side effects: writes to OmniFocus, sets meta.syncPending = true. Call sync_trigger when you need the change to appear on other devices."`;

exports[`tool descriptions — snapshot > project_delete description matches snapshot 1`] = `"Permanently delete an OmniFocus project and ALL its contained tasks. IRREVERSIBLE — uses OmniFocus deleteObject; there is no undo. All tasks inside the project are also permanently deleted (cascade). Prefer project_drop when you want a recoverable status change. Only use project_delete when the agent has explicit user intent to permanently remove the project and its tasks. Returns { deleted: true, id } on success. Side effects: removes the project and its tasks from OmniFocus, sets meta.syncPending = true. Call sync_trigger when you need the deletion to appear on other devices."`;

exports[`tool descriptions — snapshot > search_query description matches snapshot 1`] = `"Full-text search across OmniFocus task names and/or notes. Use for finding tasks by content when you don't know the ID. Supports optional filters (project, tags, flagged, completion status) and cursor pagination. Do NOT use when a known task ID is available (use task_get instead). Returns tasks[] with pagination; safe to call repeatedly; no side effects."`;

exports[`tool descriptions — snapshot > sync_status description matches snapshot 1`] = `"Return the last OmniFocus sync state without triggering a new sync. Do NOT call this to initiate a sync — use sync_trigger instead. Use to check whether a previous sync completed before querying cross-device data. Returns { lastSyncAt, inFlight }. lastSyncAt is null if OmniFocus has never synced in this session. Read-only; no side effects."`;

exports[`tool descriptions — snapshot > sync_trigger description matches snapshot 1`] = `"Kick off an OmniFocus sync with Omni Sync Server. Do not call when no mutations have been made; prefer checking meta.syncPending first. Call this after any sequence of mutations (task_create, task_update, folder_create, etc.) when you need changes to appear on other devices. The sync starts immediately but completes asynchronously — this tool does not block until done. Returns meta.syncPending = false to confirm the sync was initiated. Side effects: triggers a sync request to Omni Sync Server."`;

exports[`tool descriptions — snapshot > tag_create description matches snapshot 1`] = `"Create a new tag in OmniFocus. Optionally nest it under an existing parent tag (get IDs from tag_list). Do not use to move an existing tag; prefer tag_move instead. Returns the new tag's persistent ID. Triggers a sync; call sync_trigger after to propagate to other devices."`;

exports[`tool descriptions — snapshot > tag_delete description matches snapshot 1`] = `"Hard-delete a tag from OmniFocus. IRREVERSIBLE — the tag and all its children are removed. Tasks that carried this tag lose it. Get the tag ID from tag_list. Prefer tag_set_status with status='dropped' to preserve history. Returns the deleted tag's ID on success. Side effects: writes to OmniFocus, sets meta.syncPending = true."`;

exports[`tool descriptions — snapshot > tag_get description matches snapshot 1`] = `"Fetch a single tag by its persistent ID, including task count. Do not use to list multiple tags; prefer tag_list instead. Returns tag details; no side effects."`;

exports[`tool descriptions — snapshot > tag_get_location description matches snapshot 1`] = `"Get the geographic location trigger currently set on a tag, or null if none. Do not use to set or clear a location; prefer tag_set_location instead. Location-based tags are an OmniFocus Pro feature. Get the tag ID from tag_list. Returns { location } with name, radius, and trigger direction, or null if unset. Safe to call repeatedly; no side effects."`;

exports[`tool descriptions — snapshot > tag_list description matches snapshot 1`] = `"List all tags in OmniFocus, optionally filtered by parent tag or status. Do not use to fetch a single tag by ID; prefer tag_get instead. Returns a flat array — use parentId to walk the hierarchy one level at a time. Safe to call repeatedly; no side effects."`;

exports[`tool descriptions — snapshot > tag_move description matches snapshot 1`] = `"Move a tag to a new parent, or promote it to a root tag by passing parentId=null. Do not use to rename a tag; prefer tag_update instead. Get tag IDs from tag_list. Returns the updated tag's ID and new parentId on success. Triggers a sync; call sync_trigger after to propagate to other devices."`;

exports[`tool descriptions — snapshot > tag_set_allows_next_action description matches snapshot 1`] = `"Enable or disable next-action selection for a tag in OmniFocus. When true, tasks with this tag are eligible for next-action promotion. Do not use to change other tag properties; prefer tag_update instead. Get the tag ID from tag_list. Returns the updated tag with allowsNextAction confirmed. Triggers a sync; call sync_trigger after to propagate to other devices."`;

exports[`tool descriptions — snapshot > tag_set_location description matches snapshot 1`] = `"Set a geographic location trigger on a tag (OmniFocus Pro only). The trigger fires when arriving at, leaving, or both for the specified radius. Do not use to read the current location; prefer tag_get_location instead. Get the tag ID from tag_list. Returns FeatureRequiresPro on OmniFocus Standard installs. Triggers a sync; call sync_trigger after to propagate to other devices."`;

exports[`tool descriptions — snapshot > tag_set_status description matches snapshot 1`] = `"Set the lifecycle status of a tag to active, on-hold, or dropped. Dropped tags are hidden in OmniFocus but not deleted. Do not use to permanently remove a tag; prefer tag_delete instead. Get the tag ID from tag_list. Returns the updated tag with the confirmed status. Triggers a sync; call sync_trigger after to propagate to other devices."`;

exports[`tool descriptions — snapshot > tag_update description matches snapshot 1`] = `"Update mutable fields on an existing tag (partial patch). Only supplied fields are changed; omit a field to leave it unchanged. Do not use to move a tag to a different parent; prefer tag_move instead. Get the tag ID from tag_list. Returns the updated tag on success. Triggers a sync; call sync_trigger after to propagate to other devices."`;

exports[`tool descriptions — snapshot > task_clear_repetition description matches snapshot 1`] = `"Remove the repetition rule from an OmniFocus task. After clearing, the task becomes a one-time item. Use task_set_repetition to set or change a rule. Returns the updated task with repetitionRule confirmed as null. Mutations do not sync automatically — call sync_trigger if cross-device visibility matters."`;

exports[`tool descriptions — snapshot > task_delete description matches snapshot 1`] = `"Permanently delete an OmniFocus task. IRREVERSIBLE — uses OmniFocus deleteObject; there is no undo. Prefer task_drop when you want a recoverable status change. Only use task_delete when the agent has explicit user intent to permanently remove the task. Returns { deleted: true, id } on success. Side effects: removes the task from OmniFocus, sets meta.syncPending = true. Call sync_trigger when you need the deletion to appear on other devices."`;

exports[`tool descriptions — snapshot > task_find_by_name description matches snapshot 1`] = `"Find tasks in OmniFocus by name. Returns ALL matching tasks (names are not unique in OmniFocus). Names collide in OmniFocus; prefer task_get with an ID when you have one. Zero matches returns an empty array — not an error. Returns tasks[]; safe to call repeatedly; no side effects."`;

exports[`tool descriptions — snapshot > task_get description matches snapshot 1`] = `"Fetch a single OmniFocus task by persistent ID. Use when you have a known task ID and need its full detail. Do NOT use for multiple IDs — use task_get_many instead. Returns the Task object plus its direct subtasks (when includeSubtasks=true, the default). Read-only; safe to retry."`;

exports[`tool descriptions — snapshot > task_get_many description matches snapshot 1`] = `"Fetch up to 100 tasks by persistent ID in a single OmniFocus round-trip. Use when you have a set of task IDs from multiple sources and need full task objects for all of them. Do NOT use for a single ID — use task_get instead. Do NOT use when you only have names — use task_find_by_name. Returns Task[] in input order. Missing IDs are omitted and appear in meta.warnings. Read-only; safe to retry."`;

exports[`tool descriptions — snapshot > task_list description matches snapshot 1`] = `"List tasks in OmniFocus with optional filters. Use this for queries across tasks. Do NOT use for a known single task (use \`task_get\`). Returns tasks[] with pagination; safe to call repeatedly; no side effects."`;

exports[`tool descriptions — snapshot > task_set_repetition description matches snapshot 1`] = `"Set the repetition rule on an OmniFocus task. Overwrites any existing rule. Use task_clear_repetition to remove a rule entirely. Returns the updated task ID; call task_get for the full object. Mutations do not sync automatically — call sync_trigger if cross-device visibility matters."`;

exports[`tool descriptions — snapshot > task_update description matches snapshot 1`] = `"Partially update mutable fields on an OmniFocus task. Only supplied fields are changed; omit a field to leave it unchanged. Do not use to complete or delete a task; prefer task_complete or task_delete instead. Two tag-update modes: (1) supply tagIds to replace the full tag set; (2) supply addTags and/or removeTags to apply a diff without reading first. Supplying tagIds together with addTags/removeTags is a ValidationError. setFlagged is a convenience alias for flagged. Returns the updated task. Side effects: writes to OmniFocus, sets meta.syncPending = true. Call sync_trigger when you need changes to appear on other devices."`;
